[2026-01-05 21:35:49,726] 35 root - INFO - Start data Ingestion
[2026-01-05 21:35:57,428] 68 root - INFO - perform train test split on the dataframe
[2026-01-05 21:35:57,429] 69 root - INFO - Exited split_data_as_train_test method of Data_Ingestion class
[2026-01-05 21:35:57,429] 74 root - INFO - Exporting train and test file path
[2026-01-05 21:35:57,516] 83 root - INFO - Exported train and test file path.
[2026-01-05 21:35:57,516] 38 root - INFO - Data Ingestion completed and artifact: DataIngestionArtifact(trained_file_path='Artifacts\\01_05_2026_21_34_47\\data_ingestion\\ingested\\train.csv', test_file_path='Artifacts\\01_05_2026_21_34_47\\data_ingestion\\ingested\\test.csv')
[2026-01-05 21:35:57,552] 49 root - INFO - Initiate the data Validation
[2026-01-05 21:35:57,638] 34 root - INFO - Required number of columns : 2
[2026-01-05 21:35:57,638] 35 root - INFO - Dataframe has columns:31
[2026-01-05 21:35:57,638] 34 root - INFO - Required number of columns : 2
[2026-01-05 21:35:57,638] 35 root - INFO - Dataframe has columns:31
[2026-01-05 21:35:57,854] 63 root - INFO - Entered initiate_date_transformation method of DataTransformation class
[2026-01-05 21:35:57,854] 65 root - INFO - Starting data transformatin 
[2026-01-05 21:35:57,879] 50 root - INFO - Entered get_data_transformer_oboject method of Transformation class
[2026-01-05 21:35:57,879] 54 root - INFO - Initialise KNNImputer with {'missing_values': nan, 'n_neighbors': 3, 'weights': 'uniform'}
[2026-01-05 21:35:57,895] 51 root - INFO - Entered the save_object method of MainUtils class
[2026-01-05 21:35:57,898] 55 root - INFO - Exited the save_object method of MainUtils class
[2026-01-05 21:35:57,899] 51 root - INFO - Entered the save_object method of MainUtils class
[2026-01-05 21:35:57,901] 55 root - INFO - Exited the save_object method of MainUtils class
[2026-01-05 21:39:32,440] 51 root - INFO - Entered the save_object method of MainUtils class
[2026-01-05 21:39:32,473] 55 root - INFO - Exited the save_object method of MainUtils class
[2026-01-05 21:39:32,473] 51 root - INFO - Entered the save_object method of MainUtils class
[2026-01-05 21:39:32,504] 55 root - INFO - Exited the save_object method of MainUtils class
[2026-01-05 21:39:32,504] 122 root - INFO - Model trainer artifact: ModelTrainerArtifact(trained_model_file_path='Artifacts\\01_05_2026_21_34_47\\model_trainer\\trained_model\\model.pkl', train_metric_artifact=ClassificationMetricArtifact(f1_score=0.9911916573858459, precision_score=0.9894885789367294, recall_score=0.9929006085192698), test_metric_artifact=ClassificationMetricArtifact(f1_score=0.9711733658140479, precision_score=0.9676375404530745, recall_score=0.9747351263243684))
